// Jest Snapshot v1, https://goo.gl/fbAQLP

exports[`Test the Rockets list Rockets section renders correctly 1`] = `
<div
  className="rockets-list"
/>
`;
